Log: Log file open, 11/15/25 23:51:34
Init: Name subsystem initialized
Init: Detected: Microsoft Windows NT 6.2 (Build: 9200)
Init: Version: 3369 (128.29)
Init: Compiled: Nov 23 2005 16:23:34
Init: Command line: 
Init: Character set: Unicode
Init: Base directory: G:\LumpysInvasionServer\UT2004\LumpysInvasionServer-1.0\System\
Init: Ini:UT2004.ini   UserIni:User.ini
Init: Build label: Build UT2004_Build_[2005-11-23_16.22]
Init: Object subsystem initialized
Log: 	nvldumd.dll/NVIDIA GeForce RTX 2070 SUPER
Log: Startup time: 4.203000 seconds
Cmd: MODE MAPEXT=ut2
Log: Opened viewport
Log: Couldn't bring window to foreground.
Log: Enter SetRes: 386x55 Fullscreen 0
Log: Using back-buffer format 22(32-bit)
Log: Using depth-buffer format 75(32-bit)
Log: Creating device
Log: xD3DHelper::Init (QuadEmulation)
Log: Opened viewport
Log: Couldn't bring window to foreground.
Log: Enter SetRes: 420x174 Fullscreen 0
Log: Using back-buffer format 22(32-bit)
Log: Using depth-buffer format 75(32-bit)
Log: xD3DHelper::Init (QuadEmulation)
Log: Opened viewport
Log: Couldn't bring window to foreground.
Log: Enter SetRes: 420x174 Fullscreen 0
Log: Using back-buffer format 22(32-bit)
Log: Using depth-buffer format 75(32-bit)
Log: xD3DHelper::Init (QuadEmulation)
Log: Opened viewport
Log: Couldn't bring window to foreground.
Log: Enter SetRes: 320x177 Fullscreen 0
Log: Using back-buffer format 22(32-bit)
Log: Using depth-buffer format 75(32-bit)
Log: xD3DHelper::Init (QuadEmulation)
Log: Opened viewport
Log: Couldn't bring window to foreground.
Log: Enter SetRes: 320x177 Fullscreen 0
Log: Using back-buffer format 22(32-bit)
Log: Using depth-buffer format 75(32-bit)
Log: xD3DHelper::Init (QuadEmulation)
Log: Opened viewport
Log: Couldn't bring window to foreground.
Log: Enter SetRes: 320x177 Fullscreen 0
Log: Using back-buffer format 22(32-bit)
Log: Using depth-buffer format 75(32-bit)
Log: xD3DHelper::Init (QuadEmulation)
Log: Opened viewport
Log: Couldn't bring window to foreground.
Log: Enter SetRes: 320x200 Fullscreen 0
Log: Using back-buffer format 22(32-bit)
Log: Using depth-buffer format 75(32-bit)
Log: xD3DHelper::Init (QuadEmulation)
Log: Enter SetRes: 314x0 Fullscreen 0
Log: Using back-buffer format 22(32-bit)
Log: Using depth-buffer format 75(32-bit)
Log: xD3DHelper::Init (QuadEmulation)
Log: Enter SetRes: 44x23 Fullscreen 0
Log: Using back-buffer format 22(32-bit)
Log: Using depth-buffer format 75(32-bit)
Log: xD3DHelper::Init (QuadEmulation)
Log: Couldn't bring window to foreground.
Log: Enter SetRes: 44x23 Fullscreen 0
Log: Using back-buffer format 22(32-bit)
Log: Using depth-buffer format 75(32-bit)
Log: xD3DHelper::Init (QuadEmulation)
Log: Opened viewport
Log: Couldn't bring window to foreground.
Log: Enter SetRes: 320x200 Fullscreen 0
Log: Using back-buffer format 22(32-bit)
Log: Using depth-buffer format 75(32-bit)
Log: xD3DHelper::Init (QuadEmulation)
Log: Enter SetRes: 314x0 Fullscreen 0
Log: Using back-buffer format 22(32-bit)
Log: Using depth-buffer format 75(32-bit)
Log: xD3DHelper::Init (QuadEmulation)
Log: Enter SetRes: 44x23 Fullscreen 0
Log: Using back-buffer format 22(32-bit)
Log: Using depth-buffer format 75(32-bit)
Log: xD3DHelper::Init (QuadEmulation)
Log: Couldn't bring window to foreground.
Log: Enter SetRes: 44x23 Fullscreen 0
Log: Using back-buffer format 22(32-bit)
Log: Using depth-buffer format 75(32-bit)
Log: xD3DHelper::Init (QuadEmulation)
Log: Opened viewport
Log: Couldn't bring window to foreground.
Log: Enter SetRes: 320x200 Fullscreen 0
Log: Using back-buffer format 22(32-bit)
Log: Using depth-buffer format 75(32-bit)
Log: xD3DHelper::Init (QuadEmulation)
Log: Enter SetRes: 314x0 Fullscreen 0
Log: Using back-buffer format 22(32-bit)
Log: Using depth-buffer format 75(32-bit)
Log: xD3DHelper::Init (QuadEmulation)
Log: Enter SetRes: 44x23 Fullscreen 0
Log: Using back-buffer format 22(32-bit)
Log: Using depth-buffer format 75(32-bit)
Log: xD3DHelper::Init (QuadEmulation)
Log: Couldn't bring window to foreground.
Log: Enter SetRes: 44x23 Fullscreen 0
Log: Using back-buffer format 22(32-bit)
Log: Using depth-buffer format 75(32-bit)
Log: xD3DHelper::Init (QuadEmulation)
Log: Opened viewport
Log: Couldn't bring window to foreground.
Log: Enter SetRes: 320x200 Fullscreen 0
Log: Using back-buffer format 22(32-bit)
Log: Using depth-buffer format 75(32-bit)
Log: xD3DHelper::Init (QuadEmulation)
Log: Enter SetRes: 314x0 Fullscreen 0
Log: Using back-buffer format 22(32-bit)
Log: Using depth-buffer format 75(32-bit)
Log: xD3DHelper::Init (QuadEmulation)
Log: Enter SetRes: 44x23 Fullscreen 0
Log: Using back-buffer format 22(32-bit)
Log: Using depth-buffer format 75(32-bit)
Log: xD3DHelper::Init (QuadEmulation)
Log: Couldn't bring window to foreground.
Log: Enter SetRes: 44x23 Fullscreen 0
Log: Using back-buffer format 22(32-bit)
Log: Using depth-buffer format 75(32-bit)
Log: xD3DHelper::Init (QuadEmulation)
Log: Enter SetRes: 71x0 Fullscreen 0
Log: Using back-buffer format 22(32-bit)
Log: Using depth-buffer format 75(32-bit)
Log: xD3DHelper::Init (QuadEmulation)
Log: Enter SetRes: 35x0 Fullscreen 0
Log: Using back-buffer format 22(32-bit)
Log: Using depth-buffer format 75(32-bit)
Log: xD3DHelper::Init (QuadEmulation)
Log: Enter SetRes: 71x0 Fullscreen 0
Log: Using back-buffer format 22(32-bit)
Log: Using depth-buffer format 75(32-bit)
Log: xD3DHelper::Init (QuadEmulation)
Log: Enter SetRes: 35x0 Fullscreen 0
Log: Using back-buffer format 22(32-bit)
Log: Using depth-buffer format 75(32-bit)
Log: xD3DHelper::Init (QuadEmulation)
Log: Opened viewport
Log: Couldn't bring window to foreground.
Log: Enter SetRes: 256x256 Fullscreen 0
Log: Using back-buffer format 22(32-bit)
Log: Using depth-buffer format 75(32-bit)
Log: xD3DHelper::Init (QuadEmulation)
Cmd: CAMERA UPDATE NAME=MeshViewer MESH="banner" FLAGS=641 REN=19 MISC1=0 MISC2=0
Cmd: CAMERA UPDATE NAME=MeshViewer MESH="banner" FLAGS=641 REN=19 MISC1=0 MISC2=0
Log: Preprocessing:  Vertex stream total vertices: 319 Orig wedges: 319
Log: Allocating 16384 byte dynamic index buffer.
Log: Enter SetRes: 366x313 Fullscreen 0
Log: Using back-buffer format 22(32-bit)
Log: Using depth-buffer format 75(32-bit)
Log: xD3DHelper::Init (QuadEmulation)
Log: Allocating 16384 byte dynamic index buffer.
Log: Enter SetRes: 366x333 Fullscreen 0
Log: Using back-buffer format 22(32-bit)
Log: Using depth-buffer format 75(32-bit)
Log: xD3DHelper::Init (QuadEmulation)
Log: Allocating 16384 byte dynamic index buffer.
Log: Enter SetRes: 366x313 Fullscreen 0
Log: Using back-buffer format 22(32-bit)
Log: Using depth-buffer format 75(32-bit)
Log: xD3DHelper::Init (QuadEmulation)
Log: Allocating 16384 byte dynamic index buffer.
Log: Opened viewport
Log: Couldn't bring window to foreground.
Log: Enter SetRes: 256x256 Fullscreen 0
Log: Using back-buffer format 22(32-bit)
Log: Using depth-buffer format 75(32-bit)
Log: xD3DHelper::Init (QuadEmulation)
Log: Enter SetRes: 0x0 Fullscreen 0
Log: Using back-buffer format 22(32-bit)
Log: Using depth-buffer format 75(32-bit)
Log: xD3DHelper::Init (QuadEmulation)
Log: Enter SetRes: 263x299 Fullscreen 0
Log: Using back-buffer format 22(32-bit)
Log: Using depth-buffer format 75(32-bit)
Log: xD3DHelper::Init (QuadEmulation)
Cmd: CAMERA UPDATE NAME=AnimationViewer MESH="FloorTurretGun" FLAGS=16810633 REN=26 MISC1=0 MISC2=0
Cmd: CAMERA UPDATE NAME=AnimationViewer MESH="FloorTurretGun" FLAGS=16810633 REN=26 MISC1=0 MISC2=0
Cmd: CAMERA UPDATE NAME=AnimationViewer MESH="FloorTurretGun" FLAGS=16810633 REN=26 MISC1=0 MISC2=0
Cmd: CAMERA UPDATE NAME=AnimationViewer MESH="FloorTurretGun" FLAGS=16810633 REN=26 MISC1=0 MISC2=0
Log: Opened viewport
Log: Couldn't bring window to foreground.
Log: Enter SetRes: 320x200 Fullscreen 0
Log: Using back-buffer format 22(32-bit)
Log: Using depth-buffer format 75(32-bit)
Log: xD3DHelper::Init (QuadEmulation)
Cmd: CAMERA UPDATE FLAGS=545425097 REN=20 NAME=PrefabBrowser
Log: Enter SetRes: 366x324 Fullscreen 0
Log: Using back-buffer format 22(32-bit)
Log: Using depth-buffer format 75(32-bit)
Log: xD3DHelper::Init (QuadEmulation)
Log: Opened viewport
Log: Couldn't bring window to foreground.
Log: Enter SetRes: 256x256 Fullscreen 0
Log: Using back-buffer format 22(32-bit)
Log: Using depth-buffer format 75(32-bit)
Log: xD3DHelper::Init (QuadEmulation)
Log: Enter SetRes: 0x0 Fullscreen 0
Log: Using back-buffer format 22(32-bit)
Log: Using depth-buffer format 75(32-bit)
Log: xD3DHelper::Init (QuadEmulation)
Log: Enter SetRes: 182x239 Fullscreen 0
Log: Using back-buffer format 22(32-bit)
Log: Using depth-buffer format 75(32-bit)
Log: xD3DHelper::Init (QuadEmulation)
Cmd: CAMERA UPDATE NAME=LIPSinc MESH="" FLAGS=16810633 REN=34 MISC1=-1 MISC2=0
Cmd: CAMERA UPDATE NAME=LIPSinc MESH="CeilingTurretBase" FLAGS=16810633 REN=34 MISC1=-1 MISC2=0
Cmd: CAMERA UPDATE NAME=LIPSinc MESH="CeilingTurretBase" FLAGS=16810633 REN=34 MISC1=-1 MISC2=201119104
Cmd: AUDIO FINDVIEWPORT
Cmd: CAMERA UPDATE NAME=LIPSinc MESH="CeilingTurretBase" FLAGS=16810633 REN=34 MISC1=-1 MISC2=201119104
Cmd: CAMERA UPDATE NAME=LIPSinc MESH="CeilingTurretBase" FLAGS=16810633 REN=34 MISC1=-1 MISC2=21299696
Log: Opened viewport
Log: Couldn't bring window to foreground.
Log: Enter SetRes: 320x400 Fullscreen 0
Log: Using back-buffer format 22(32-bit)
Log: Using depth-buffer format 75(32-bit)
Log: xD3DHelper::Init (QuadEmulation)
Log: Couldn't bring window to foreground.
Log: Enter SetRes: 320x400 Fullscreen 0
Log: Using back-buffer format 22(32-bit)
Log: Using depth-buffer format 75(32-bit)
Log: xD3DHelper::Init (QuadEmulation)
Log: Enter SetRes: 477x257 Fullscreen 0
Log: Using back-buffer format 22(32-bit)
Log: Using depth-buffer format 75(32-bit)
Log: xD3DHelper::Init (QuadEmulation)
Log: Opened viewport
Log: Couldn't bring window to foreground.
Log: Enter SetRes: 320x200 Fullscreen 0
Log: Using back-buffer format 22(32-bit)
Log: Using depth-buffer format 75(32-bit)
Log: xD3DHelper::Init (QuadEmulation)
Log: Enter SetRes: 466x178 Fullscreen 0
Log: Using back-buffer format 22(32-bit)
Log: Using depth-buffer format 75(32-bit)
Log: xD3DHelper::Init (QuadEmulation)
Log: Opened viewport
Log: Couldn't bring window to foreground.
Log: Enter SetRes: 320x200 Fullscreen 0
Log: Using back-buffer format 22(32-bit)
Log: Using depth-buffer format 75(32-bit)
Log: xD3DHelper::Init (QuadEmulation)
Log: Enter SetRes: 466x224 Fullscreen 0
Log: Using back-buffer format 22(32-bit)
Log: Using depth-buffer format 75(32-bit)
Log: xD3DHelper::Init (QuadEmulation)
Log: Opened viewport
Log: Couldn't bring window to foreground.
Log: Enter SetRes: 320x200 Fullscreen 0
Log: Using back-buffer format 22(32-bit)
Log: Using depth-buffer format 75(32-bit)
Log: xD3DHelper::Init (QuadEmulation)
Log: Enter SetRes: 466x224 Fullscreen 0
Log: Using back-buffer format 22(32-bit)
Log: Using depth-buffer format 75(32-bit)
Log: xD3DHelper::Init (QuadEmulation)
Log: Enter SetRes: 0x0 Fullscreen 0
Log: Using back-buffer format 22(32-bit)
Log: Using depth-buffer format 75(32-bit)
Log: xD3DHelper::Init (QuadEmulation)
Log: Enter SetRes: 516x253 Fullscreen 0
Log: Using back-buffer format 22(32-bit)
Log: Using depth-buffer format 75(32-bit)
Log: xD3DHelper::Init (QuadEmulation)
Cmd: CAMERA UPDATE FLAGS=1073742464 MISC2=0 REN=17 NAME=TextureBrowser PACKAGE="2K4Chargers" GROUP="ChargerTextures"
Log: Enter SetRes: 572x429 Fullscreen 0
Log: Using back-buffer format 22(32-bit)
Log: Using depth-buffer format 75(32-bit)
Log: xD3DHelper::Init (QuadEmulation)
Log: Enter SetRes: 305x429 Fullscreen 0
Log: Using back-buffer format 22(32-bit)
Log: Using depth-buffer format 75(32-bit)
Log: xD3DHelper::Init (QuadEmulation)
Log: Enter SetRes: 572x429 Fullscreen 0
Log: Using back-buffer format 22(32-bit)
Log: Using depth-buffer format 75(32-bit)
Log: xD3DHelper::Init (QuadEmulation)
Log: Enter SetRes: 305x429 Fullscreen 0
Log: Using back-buffer format 22(32-bit)
Log: Using depth-buffer format 75(32-bit)
Log: xD3DHelper::Init (QuadEmulation)
Log: Enter SetRes: 1197x433 Fullscreen 0
Log: Using back-buffer format 22(32-bit)
Log: Using depth-buffer format 75(32-bit)
Log: xD3DHelper::Init (QuadEmulation)
Log: Enter SetRes: 642x433 Fullscreen 0
Log: Using back-buffer format 22(32-bit)
Log: Using depth-buffer format 75(32-bit)
Log: xD3DHelper::Init (QuadEmulation)
Log: Enter SetRes: 1197x433 Fullscreen 0
Log: Using back-buffer format 22(32-bit)
Log: Using depth-buffer format 75(32-bit)
Log: xD3DHelper::Init (QuadEmulation)
Log: Enter SetRes: 642x433 Fullscreen 0
Log: Using back-buffer format 22(32-bit)
Log: Using depth-buffer format 75(32-bit)
Log: xD3DHelper::Init (QuadEmulation)
Cmd: CAMERA UPDATE FLAGS=1073742464 MISC2=0 REN=17 NAME=TextureBrowser PACKAGE="LumpysMonsterTextures" GROUP="MonsterTextures"
Cmd: CAMERA UPDATE FLAGS=1073742464 MISC2=0 REN=17 NAME=TextureBrowser PACKAGE="LumpysTextures" GROUP="ArtifactIcons"
Cmd: CAMERA UPDATE FLAGS=1073742464 MISC2=0 REN=17 NAME=TextureBrowser PACKAGE="LumpysTextures" GROUP="(All)"
Cmd: NextWeapon
Cmd: NextWeapon
Cmd: NextWeapon
Cmd: NextWeapon
Cmd: NextWeapon
Cmd: NextWeapon
Cmd: NextWeapon
Cmd: NextWeapon
Cmd: MAYBEAUTOSAVE
Cmd: CAMERA UPDATE FLAGS=1073742464 MISC2=0 REN=17 NAME=TextureBrowser PACKAGE="LumpysMonsterTextures" GROUP="(All)"
Cmd: CAMERA UPDATE FLAGS=1073742464 MISC2=0 REN=17 NAME=TextureBrowser PACKAGE="LumpysMonsterTextures" GROUP="MonsterTextures"
Cmd: CAMERA UPDATE FLAGS=1073742464 MISC2=0 REN=17 NAME=TextureBrowser PACKAGE="LumpysMonsterTextures" GROUP="(All)"
Cmd: Fire
Cmd: POLY SET TEXTURE=208035456
Log: BeginTrans Poly Set
Cmd: Fire
Cmd: POLY SET TEXTURE=208035456
Log: BeginTrans Poly Set
Cmd: Fire
Cmd: POLY SET TEXTURE=208035680
Log: BeginTrans Poly Set
Cmd: MAYBEAUTOSAVE
Cmd: MAYBEAUTOSAVE
Cmd: MAYBEAUTOSAVE
Cmd: MAYBEAUTOSAVE
Log: Autosaving 'MAP SAVE AUTOSAVE=1 FILE="G:\LumpysInvasionServer\UT2004\LumpysInvasionServer-1.0\System\\..\Maps\Auto7.ut2"'
Cmd: MAP SAVE AUTOSAVE=1 FILE="G:\LumpysInvasionServer\UT2004\LumpysInvasionServer-1.0\System\\..\Maps\Auto7.ut2"
Log: Removed duplicate actor indices: 0 duplicates found.
Log: Save=8.217126
Log: Moving 'G:\LumpysInvasionServer\UT2004\LumpysInvasionServer-1.0\System\..\Maps\Save.tmp' to 'G:\LumpysInvasionServer\UT2004\LumpysInvasionServer-1.0\System\..\Maps\Auto7.ut2'
Cmd: MAYBEAUTOSAVE
Cmd: MAYBEAUTOSAVE
Cmd: MAYBEAUTOSAVE
Cmd: MAYBEAUTOSAVE
Log: Closed viewport
Log: Closed viewport
Log: Closed viewport
Log: Closed viewport
Log: Closed viewport
Log: Closed viewport
Log: Closed viewport
Log: Closed viewport
Log: Closed viewport
Log: Closed viewport
Log: Closed viewport
Log: Closed viewport
Log: Closed viewport
Log: Closed viewport
Log: Closed viewport
Log: Closed viewport
Log: Closed viewport
Log: Closed viewport
Log: appRequestExit(0)
Exit: Preparing to exit.
Log: Purging garbage
Log: Unbound to Core.dll
Log: Unbound to Editor.dll
Log: Unbound to Engine.dll
Log: Unbound to Window.dll
Log: Unbound to Fire.dll
Exit: Editor shut down
Log: Unbound to ALAudio.dll
Log: Waiting for file streaming thread to finish...
Exit: OpenAL Audio subsystem shut down.
Exit: Transaction tracking system shut down
Log: Unbound to IpDrv.dll
Log: Unbound to UWeb.dll
Log: Unbound to XGame.dll
Log: Unbound to XInterface.dll
Log: Unbound to Onslaught.dll
Log: Unbound to WinDrv.dll
Exit: Windows client shut down
Log: Unbound to D3DDrv.dll
Log: Garbage: objects: 85033->0; refs: 0
Exit: Object subsystem successfully closed.
Exit: Exiting.
Log: FileManager: Reading 0 GByte 190 MByte 73 KByte 519 Bytes from HD took 0.987994 seconds (0.895994 reading, 0.092000 seeking).
Log: FileManager: 0.280000 seconds spent with misc. duties
Uninitialized: Name subsystem shut down
Uninitialized: Memory Allocation Status
Uninitialized: Curr Memory  0.044M /  2.934M
Uninitialized: Peak Memory  188.388M /  190.578M
Uninitialized: Allocs         681 Current /  836779 Total
Uninitialized: Log file closed, 11/16/25 00:01:03
