Log file open, 04/10/26 08:14:00
----------------------------Core - Release----------------------------
---------------------------Engine - Release---------------------------
----------------------------Fire - Release----------------------------
---------------------------Editor - Release---------------------------
--------------------------UnrealEd - Release--------------------------
---------------------------IpDrv - Release----------------------------
----------------------------UWeb - Release----------------------------
--------------------------GamePlay - Release--------------------------
-------------------------UnrealGame - Release-------------------------
--------------------------XGame_rc - Release--------------------------
--------------------------XEffects - Release--------------------------
------------------------XWeapons_rc - Release-------------------------
------------------------XPickups_rc - Release-------------------------
--------------------------XPickups - Release--------------------------
---------------------------XGame - Release----------------------------
--------------------------XWeapons - Release--------------------------
-------------------------XInterface - Release-------------------------
---------------------------XAdmin - Release---------------------------
-------------------------XWebAdmin - Release--------------------------
--------------------------Vehicles - Release--------------------------
-------------------------BonusPack - Release--------------------------
-----------------------SkaarjPack_rc - Release------------------------
-------------------------SkaarjPack - Release-------------------------
-------------------------UTClassic - Release--------------------------
------------------------UT2k4Assault - Release------------------------
-------------------------Onslaught - Release--------------------------
---------------------------GUI2K4 - Release---------------------------
----------------------UT2k4AssaultFull - Release----------------------
-----------------------OnslaughtFull - Release------------------------
--------------------------xVoting - Release---------------------------
------------------------StreamlineFX - Release------------------------
--------------------------UTV2004c - Release--------------------------
--------------------------UTV2004s - Release--------------------------
--------------------------tk_BaseM - Release--------------------------
-----------------------LumpysInvasion - Release-----------------------
Analyzing...
Parsing LumpysInvasionGameReplicationInfo
Parsing IPBossReplicationInfo
Parsing IPProxyReplicationInfo
Parsing LumpysInvasionFakeFriendlyMonsterReplicationInfo
Parsing LumpysInvasionFriendlyMonsterReplicationInfo
Parsing IPMonsterReplicationInfo
Parsing LumpysInvasionMutator
Parsing LumpysInvasion
G:\LumpysInvasionServer\UT2004\LumpysInvasionServer-1.0\LumpysInvasion\Classes\LumpysInvasion.uc(21) : Warning, 'WaveMonsterClass' obscures 'WaveMonsterClass' defined in base class 'Invasion'.
Parsing IPMessage
Parsing IPBossMessage
Parsing LumpysInvasionWaveMessage
Parsing MapListLumpysInvasion
Parsing IPBossDamType
Parsing FriendlyMonsterController
Parsing IPMonsterIDInv
Parsing LumpysInvasionHUD
Parsing IPCollisionTestActor
Parsing IPCylinderActor
Parsing IPPetAnchor
Parsing IPSpinnyMonster
Parsing LumpysInvasionWaveHandler
Parsing IPCylinderShader
Parsing IPCylinderFinalBlend
Parsing IPBossConfig
Parsing IPMonsterConfig
Parsing IPWaveConfig
Parsing IPAnimationManager
Parsing IPConfigs
Parsing IPCopyPaste
Parsing IPDefaultWaves
Parsing IPMonsterTable
Compiling LumpysInvasionGameReplicationInfo
Compiling IPBossReplicationInfo
Compiling IPProxyReplicationInfo
Compiling LumpysInvasionFakeFriendlyMonsterReplicationInfo
Compiling LumpysInvasionFriendlyMonsterReplicationInfo
Compiling IPMonsterReplicationInfo
Compiling LumpysInvasionMutator
Compiling LumpysInvasion
Compiling IPMessage
Compiling IPBossMessage
Compiling LumpysInvasionWaveMessage
Compiling MapListLumpysInvasion
Compiling IPBossDamType
Compiling FriendlyMonsterController
Compiling IPMonsterIDInv
Compiling LumpysInvasionHUD
Compiling IPCollisionTestActor
Compiling IPCylinderActor
Compiling IPPetAnchor
Compiling IPSpinnyMonster
Compiling LumpysInvasionWaveHandler
Compiling IPCylinderShader
Compiling IPCylinderFinalBlend
Compiling IPBossConfig
Compiling IPMonsterConfig
G:\LumpysInvasionServer\UT2004\LumpysInvasionServer-1.0\LumpysInvasion\Classes\IPMonsterConfig.uc(107) : Warning, 'X' : unreferenced local variable
Compiling IPWaveConfig
Compiling IPAnimationManager
Compiling IPConfigs
Compiling IPCopyPaste
Compiling IPDefaultWaves
Compiling IPMonsterTable
Importing Defaults for LumpysInvasionGameReplicationInfo
Importing Defaults for IPBossReplicationInfo
Importing Defaults for IPProxyReplicationInfo
Importing Defaults for LumpysInvasionFakeFriendlyMonsterReplicationInfo
Importing Defaults for LumpysInvasionFriendlyMonsterReplicationInfo
Importing Defaults for IPMonsterReplicationInfo
Importing Defaults for LumpysInvasionMutator
Importing Defaults for LumpysInvasion
Importing Defaults for IPMessage
Importing Defaults for IPBossMessage
Importing Defaults for LumpysInvasionWaveMessage
Importing Defaults for MapListLumpysInvasion
Importing Defaults for IPBossDamType
Importing Defaults for FriendlyMonsterController
Importing Defaults for IPMonsterIDInv
Importing Defaults for LumpysInvasionHUD
Importing Defaults for IPCollisionTestActor
Importing Defaults for IPCylinderActor
Importing Defaults for IPPetAnchor
Importing Defaults for IPSpinnyMonster
Importing Defaults for LumpysInvasionWaveHandler
Importing Defaults for IPCylinderShader
Importing Defaults for IPCylinderFinalBlend
Importing Defaults for IPBossConfig
Importing Defaults for IPMonsterConfig
Importing Defaults for IPWaveConfig
Importing Defaults for IPAnimationManager
Importing Defaults for IPConfigs
Importing Defaults for IPCopyPaste
Importing Defaults for IPDefaultWaves
Importing Defaults for IPMonsterTable
-------------------------LumpysRPG - Release--------------------------
------------------------LumpyJumping - Release------------------------
--------------------------tK_BaseW - Release--------------------------
------------------------tk_StarWars - Release-------------------------
-----------------------tk_FHIWeapons - Release------------------------
------------------------tk_ZenCoders - Release------------------------
--------------------tk_RainbowShockRifle - Release--------------------
------------------------tk_MagicWand - Release------------------------
--------------------------tk_AK47 - Release---------------------------
-------------------------tk_LilLady - Release-------------------------
---------------------tk_HolyHandGrenade - Release---------------------
Game exported successfully: LumpysInvasion.LumpysInvasion
Success - 0 error(s), 2 warning(s)
Log file closed, 04/10/26 08:14:03
