Log: Log file open, 04/09/26 00:29:17
Init: Name subsystem initialized
Init: Detected: Microsoft Windows NT 6.2 (Build: 9200)
Init: Version: 3369 (128.29)
Init: Compiled: Nov 23 2005 16:23:34
Init: Command line: tk_Futurama_rc Sound wav ../Sounds/
Init: Character set: Unicode
Init: Base directory: G:\LumpysInvasionServer\UT2004\LumpysInvasionServer-1.0\System\
Init: Ini:UT2004.ini   UserIni:User.ini
Init: Build label:  Build UT2004_Build_[2005-11-23_16.22]
Init: Object subsystem initialized
Log: Executing Class Editor.BatchExportCommandlet
Log: Loading package tk_Futurama_rc...
Warning: Failed to load 'FryAnim': Can't find file for package 'FryAnim'
Warning: Failed to load 'tk_Futurama_rc': Can't find file for package 'FryAnim'
Warning: Failed loading package: Can't find file for package 'FryAnim'
Critical: Failed loading package: Can't find file for package 'FryAnim'
Exit: Executing UObject::StaticShutdownAfterError
Critical: UObject::SafeLoadError
Critical: UObject::LoadPackage
Critical: UBatchExportCommandlet::Main
Exit: Exiting.
Log: FileManager: Reading 0 GByte 0 MByte 954 KByte 513 Bytes from HD took 0.005000 seconds (0.005000 reading, 0.000000 seeking).
Log: FileManager: 0.013000 seconds spent with misc. duties
Uninitialized: Name subsystem shut down
Uninitialized: Log file closed, 04/09/26 00:29:18
