Log: Log file open, 04/09/26 00:05:40
Init: Name subsystem initialized
Init: Detected: Microsoft Windows NT 6.2 (Build: 9200)
Init: Version: 3369 (128.29)
Init: Compiled: Nov 23 2005 16:23:34
Init: Command line: 
Init: Character set: Unicode
Init: Base directory: G:\LumpysInvasionServer\UT2004\LumpysInvasionServer-1.0\System\
Init: Ini:UT2004.ini   UserIni:User.ini
Init: Build label:  Build UT2004_Build_[2005-11-23_16.22]
Init: Object subsystem initialized
Log: Splash screen filename is '..\Help\UT2004Logo.bmp'
Localization: No localization: UT2004.General.Start (int)
Log: 	atidx9loader32.dll/AMD Radeon RX 9060 XT
Log: Game class is 'GameInfo'
Log: Bringing Level Entry.myLevel up for play (0) appSeconds: 1.399000...
Warning: Failed to load 'Class AccessPlus.UAccessControl': Failed to find object 'Class AccessPlus.UAccessControl'
ScriptLog: GameInfo::InitGame : bEnableStatLogging True
Log: Browse: NvidiaLogo.ut2?Name=Lumps?Class=Engine.Pawn?Character=Kragoth?team=255?SpectatorOnly=1?Sex=M
Log: Collecting garbage
Log: Purging garbage
Log: Garbage: objects: 27992->27978; refs: 284200
Log: Game class is 'CinematicGame'
Log: Bringing Level NvidiaLogo.myLevel up for play (0) appSeconds: 1.843000...
Log: (Karma): Autodetecting CPU for SSE
Log: (Karma): Using SSE Optimizations
Warning: Failed to load 'Class AccessPlus.UAccessControl': Failed to find object 'Class AccessPlus.UAccessControl'
ScriptLog: GameInfo::InitGame : bEnableStatLogging True
Log: ALAudio: Using DirectSound to record audio.
ScriptLog: New Player Lumps id=ee5ca7064cd04fc3da40cff9e0e8976d
Localization: No localization: UT2004.General.Product (int)
Localization: No localization: UT2004.General.Product (int)
Localization: No localization: UT2004.General.Product (int)
Localization: No localization: UT2004.General.Product (int)
Log: Opened viewport
Log: Enter SetRes: 1920x1080 Fullscreen 1
Log: Using back-buffer format 22(32-bit)
Log: Using depth-buffer format 77(32-bit)
Log: Creating device
Log: xD3DHelper::Init (QuadEmulation)
Log: Startup time: 1.686000 seconds
Localization: No localization: UT2004.General.Run (int)
Log: Precaching: NvidiaLogo.LevelInfo0
Log: Static mesh batches: 508608 vertex bytes, 110460 index bytes
Log: Allocating 16384 byte dynamic index buffer.
Log: Finished precaching geometry in 0.011 seconds
Log: Finished precaching textures in 0.011 seconds
ModAuthor: GUI2K4.UT2K4GUIController OpenMenu [GUI2K4.UT2K4MainMenu] () ()
Debug: UT2k4MainMenu.Opened()   Sender:Package.UT2k4MainMenu
ModAuthor: Restoring previously open menus (0 menus to restore)
Log: URL: Adding default option Name=Lumps
Log: URL: Adding default option Class=Engine.Pawn
Log: URL: Adding default option Character=Kragoth
Log: URL: Adding default option team=255
Log: Browse: Index.ut2?disconnect?Name=Lumps?Class=Engine.Pawn?Character=Kragoth?team=255
Log: Failed; returning to Entry
ModAuthor: GUI2K4.UT2K4GUIController NotifyLevelChange()
ScriptLog: UT2k4MainMenu NotifyLevelChange  PendingConnection:False
Log: GP=FALSE
Log: Spawning new actor for Viewport WindowsViewport
ScriptLog: New Player Lumps id=ee5ca7064cd04fc3da40cff9e0e8976d
Log: Static mesh batches: 0 vertex bytes, 0 index bytes
ModAuthor: GUI2K4.UT2K4GUIController OpenMenu [GUI2K4.UT2K4ServerBrowser] () ()
ModAuthor: # # # # News ShowPanel()  True
IRC: 2 Servers 0 Channels
Log: Defaulting to false
ScriptLog: UT2k4Browser_ServerListPageFavorites Spawned new ServerQueryClient 'Entry.ServerQueryClient'
Log: Defaulting to false
Log: Resolving utmaster.openspy.net...
Log: Resolved utmaster.openspy.net -> 134.122.16.249
Log: Connection established.
ModAuthor: # # # # Internet ShowPanel()  True
Log: Resolving utmaster.openspy.net...
Log: Resolved utmaster.openspy.net -> 134.122.16.249
Log: Connection established.
ModAuthor: # # # # News ShowPanel()  False
ModAuthor: UT2K4GUIController CloseAll bCancel:False Forced:True (Currently 2 menus open)
ModAuthor:    Menu[0]:UT2k4MainMenu
ModAuthor:    Menu[1]:UT2k4ServerBrowser
ModAuthor: GUI2K4.UT2K4GUIController CloseMenu [UT2k4ServerBrowser]
Debug: UT2k4MainMenu.Opened()   Sender:None
ScriptLog: PreClientTravel
Log: URL: Adding default option Name=Lumps
Log: URL: Adding default option Class=Engine.Pawn
Log: URL: Adding default option Character=Kragoth
Log: URL: Adding default option team=255
Log: Browse: 172.232.9.14/Index.ut2?Name=Lumps?Class=Engine.Pawn?Character=Kragoth?team=255
Log: FailCode NEEDPW 
Debug: Connect Failure:  NEEDPW[] (172.232.9.14/Index.ut2?Name=Lumps?Class=Engine.Pawn?Character=Kragoth?team=255)
ScriptLog: PreClientTravel
Log: Browse: 172.232.9.14/Index.ut2?Name=Lumps?Class=Engine.Pawn?Character=Kragoth?team=255?PASSWORD=XXXXX
NetComeGo: Close TcpipConnection 172.232.9.14:7777 04/09/26 00:05:54
Exit: Socket shut down
ModAuthor: GUI2K4.UT2K4GUIController NotifyLevelChange()
ScriptLog: UT2k4Browser_ServerListPageFavorites Destroying ServerQueryClient 'ServerQueryClient'
Log: NetMode now NM_Client
Log: Collecting garbage
Log: Purging garbage
Log: (Karma): Level Karma Terminated.
Log: Garbage: objects: 40065->39531; refs: 483499
Log: Bringing Level DM-Flux2.myLevel up for play (90) appSeconds: 14.595000...
Log: (Karma): Autodetecting CPU for SSE
Log: (Karma): Using SSE Optimizations
Log: Spawning new actor for Viewport WindowsViewport
ScriptLog: New Player Lumps id=ee5ca7064cd04fc3da40cff9e0e8976d
Log: Collecting garbage
Log: Purging garbage
Log: Garbage: objects: 39924->39924; refs: 486615
Log: xPlayer setplayer WindowsViewport
Log: Precaching: DM-Flux2.LevelInfo0
Log: Static mesh batches: 1610856 vertex bytes, 221124 index bytes
Log: Allocating 16384 byte dynamic index buffer.
Log: Finished precaching geometry in 0.084 seconds
Log: Finished precaching textures in 0.094 seconds
Warning: RPGStatsInv DM-Flux2.RPGStatsInv (Function LumpysRPG.RPGStatsInv.ClientAdjustMaxAmmo:0043) Accessed None 'Instigator'
Warning: ArtifactSuperMedicWeaponMaker DM-Flux2.ArtifactSuperMedicWeaponMaker (Function LumpysRPG.ArtifactMagicWeaponMaker.PostBeginPlay:001B) Accessed None 'Game'
Log: Preprocessing:  Vertex stream total vertices: 433 Orig wedges: 433
ScriptLog: Last Cred: 295 Stat Cred: 310
Log: Preprocessing:  Vertex stream total vertices: 69 Orig wedges: 69
Log: Preprocessing:  Vertex stream total vertices: 260 Orig wedges: 260
Log: Viewport WindowsViewport: WM_DisplayChange
Log: Enter SetRes: 1920x1080 Fullscreen 1
Log: Using back-buffer format 22(32-bit)
Log: Using depth-buffer format 77(32-bit)
Log: xD3DHelper::Init (QuadEmulation)
Log: Allocating 16384 byte dynamic index buffer.
Log: Precaching: DM-Flux2.LevelInfo0
Log: Finished precaching geometry in 0.035 seconds
Log: Finished precaching textures in 0.117 seconds
Warning: tK_Queen DM-Flux2.tK_Queen (Function tk_BaseM.tK_Queen.PostBeginPlay:0027) Accessed None 'Controller'
Log: Preprocessing:  Vertex stream total vertices: 618 Orig wedges: 618
ModAuthor: GUI2K4.UT2K4GUIController OpenMenu [GUI2K4.UT2K4InvasionLoginMenu] () ()
ModAuthor: # # # # Game ShowPanel()  True
ModAuthor: GUI2K4.UT2K4GUIController CloseMenu [UT2K4InvasionLoginMenu]
Log: Viewport WindowsViewport: WM_DisplayChange
ModAuthor: GUI2K4.UT2K4GUIController OpenMenu [xVoting.MapVotingPage] () ()
ModAuthor: UT2K4GUIController CloseAll bCancel:True Forced:False (Currently 1 menus open)
ModAuthor:    Menu[0]:MapVotingPage
ModAuthor: GUI2K4.UT2K4GUIController CloseMenu [MapVotingPage]
ScriptLog: PreClientTravel
Log: Browse: 172.232.9.14/DM-TrainingDay?Name=Lumps?Class=Engine.Pawn?Character=Kragoth?team=255?PASSWORD=XXXXX?GAME=LumpysInvasion.LumpysInvasion
Log: URL: Adding default option Name=Lumps
Log: URL: Adding default option Class=Engine.Pawn
Log: URL: Adding default option Character=Kragoth
Log: URL: Adding default option team=255
Log: Browse: Index.ut2?closed?Name=Lumps?Class=Engine.Pawn?Character=Kragoth?team=255
Log: Failed; returning to Entry
ModAuthor: GUI2K4.UT2K4GUIController NotifyLevelChange()
Log: GP=TRUE
Log: Spawning new actor for Viewport WindowsViewport
ScriptLog: New Player Lumps id=ee5ca7064cd04fc3da40cff9e0e8976d
ModAuthor: GUI2K4.UT2K4GUIController NotifyLevelChange()
Log: NetMode now NM_Client
Log: Collecting garbage
Log: Purging garbage
NetComeGo: Close TcpipConnection 172.232.9.14:7777 04/09/26 00:10:16
Exit: Socket shut down
Log: (Karma): Level Karma Terminated.
Log: Garbage: objects: 52990->39928; refs: 491433
Log: Fixing up DM-TrainingDay
Log: Bringing Level DM-TrainingDay.myLevel up for play (90) appSeconds: 275.558000...
Log: (Karma): Autodetecting CPU for SSE
Log: (Karma): Using SSE Optimizations
Log: Spawning new actor for Viewport WindowsViewport
ScriptLog: New Player Lumps id=ee5ca7064cd04fc3da40cff9e0e8976d
Log: Collecting garbage
Log: Purging garbage
Log: Garbage: objects: 40236->40236; refs: 495136
Log: xPlayer setplayer WindowsViewport
Log: Precaching: DM-TrainingDay.LevelInfo0
Log: Finished precaching geometry in 0.000 seconds
Log: Finished precaching textures in 0.000 seconds
Log: Enter SetRes: 1920x1080 Fullscreen 1
Log: Using back-buffer format 22(32-bit)
Log: Using depth-buffer format 77(32-bit)
Log: xD3DHelper::Init (QuadEmulation)
Log: Static mesh batches: 818064 vertex bytes, 110376 index bytes
Log: Allocating 16384 byte dynamic index buffer.
Log: Precaching: DM-TrainingDay.LevelInfo0
Log: Allocating 20412 byte dynamic index buffer.
Log: Finished precaching geometry in 0.137 seconds
Log: Finished precaching textures in 0.308 seconds
Warning: RPGStatsInv DM-TrainingDay.RPGStatsInv (Function LumpysRPG.RPGStatsInv.ClientAdjustMaxAmmo:0043) Accessed None 'Instigator'
ModAuthor: GUI2K4.UT2K4GUIController OpenMenu [GUI2K4.UT2K4InvasionLoginMenu] () ()
ModAuthor: # # # # Game ShowPanel()  True
ModAuthor: GUI2K4.UT2K4GUIController OpenMenu [GUI2K4.UT2K4QuitPage] () ()
Log: appRequestExit(0)
Localization: No localization: UT2004.General.Exit (int)
Exit: Preparing to exit.
Log: Purging garbage
Log: Unbound to Window.dll
Log: Unbound to Core.dll
Log: Unbound to Engine.dll
Exit: Game engine shut down
Log: Unbound to WinDrv.dll
Exit: Windows client shut down
Log: Unbound to D3DDrv.dll
Log: Unbound to XGame.dll
Log: Unbound to IpDrv.dll
Log: Unbound to Editor.dll
Log: Unbound to Fire.dll
Log: Unbound to XInterface.dll
Log: Unbound to UWeb.dll
Log: Unbound to Onslaught.dll
Log: Unbound to ALAudio.dll
Log: Waiting for file streaming thread to finish...
Exit: OpenAL Audio subsystem shut down.
NetComeGo: Close TcpipConnection 172.232.9.14:7777 04/09/26 00:12:25
Exit: Socket shut down
Log: (Karma): Level Karma Terminated.
Log: Garbage: objects: 48848->0; refs: 495136
Exit: Object subsystem successfully closed.
Exit: Exiting.
Log: FileManager: Reading 0 GByte 385 MByte 685 KByte 935 Bytes from HD took 0.843996 seconds (0.763996 reading, 0.080000 seeking).
Log: FileManager: 0.489999 seconds spent with misc. duties
Uninitialized: Name subsystem shut down
Uninitialized: Memory Allocation Status
Uninitialized: Curr Memory  0.227M /  3.621M
Uninitialized: Peak Memory  121.521M /  124.406M
Uninitialized: Allocs         676 Current /  8346563 Total
Uninitialized: Log file closed, 04/09/26 00:12:25
